// Jest Snapshot v1, https://goo.gl/fbAQLP

exports[`<LayerPanel /> should export GeoJSON data 1`] = `"{\\"type\\":\\"FeatureCollection\\",\\"features\\":[{\\"type\\":\\"Feature\\",\\"geometry\\":{\\"type\\":\\"Point\\",\\"coordinates\\":[0,0]},\\"properties\\":{\\"_ol_kit_feature_visibility\\":true,\\"_ol_kit_feature_style\\":null,\\"_ol_kit_parent\\":null}},{\\"type\\":\\"Feature\\",\\"geometry\\":{\\"type\\":\\"MultiPoint\\",\\"coordinates\\":[[-17.966305682390427,0],[0,-17.678914238335736]]},\\"properties\\":{\\"_ol_kit_feature_visibility\\":true,\\"_ol_kit_feature_style\\":null,\\"_ol_kit_parent\\":null}},{\\"type\\":\\"Feature\\",\\"geometry\\":{\\"type\\":\\"LineString\\",\\"coordinates\\":[[35.932611364780854,-17.678914238335736],[71.86522272956171,17.67891423833575],[80.84837557075693,17.67891423833575]]},\\"properties\\":{\\"_ol_kit_feature_visibility\\":true,\\"_ol_kit_feature_style\\":null,\\"_ol_kit_parent\\":null}},{\\"type\\":\\"Feature\\",\\"geometry\\":{\\"type\\":\\"LineString\\",\\"coordinates\\":[[35.932611364780854,-17.678914238335736],[71.86522272956171,17.67891423833575],[71.86522272956171,26.007420231981243]]},\\"properties\\":{\\"_ol_kit_feature_visibility\\":true,\\"_ol_kit_feature_style\\":null,\\"_ol_kit_parent\\":null}},{\\"type\\":\\"Feature\\",\\"geometry\\":{\\"type\\":\\"Polygon\\",\\"coordinates\\":[[[-44.91576420597607,-8.946573850543416],[-35.932611364780854,8.946573850543416],[-26.94945852358564,-8.946573850543416],[-44.91576420597607,-8.946573850543416]],[[-40.424187785378464,-4.486983030705048],[-31.441034944183247,-4.486983030705048],[-35.932611364780854,4.486983030705062],[-40.424187785378464,-4.486983030705048]]]},\\"properties\\":{\\"_ol_kit_feature_visibility\\":true,\\"_ol_kit_feature_style\\":null,\\"_ol_kit_parent\\":null}},{\\"type\\":\\"Feature\\",\\"geometry\\":{\\"type\\":\\"MultiLineString\\",\\"coordinates\\":[[[-8.983152841195214,-6.721891585698515],[-8.983152841195214,6.721891585698515]],[[-8.983152841195214,-6.721891585698515],[-8.983152841195214,6.721891585698515],[-4.491576420597607,0],[-8.983152841195214,-6.721891585698515]],[[8.983152841195214,-6.721891585698515],[13.47472926179282,0],[13.47472926179282,0],[8.983152841195214,6.721891585698515]],[[-6.73736463089641,-8.946573850543416],[6.73736463089641,-8.946573850543416]],[[-6.73736463089641,8.946573850543416],[6.73736463089641,8.946573850543416]]]},\\"properties\\":{\\"_ol_kit_feature_visibility\\":true,\\"_ol_kit_feature_style\\":null,\\"_ol_kit_parent\\":null}},{\\"type\\":\\"Feature\\",\\"geometry\\":{\\"type\\":\\"MultiPolygon\\",\\"coordinates\\":[[[[-44.91576420597607,47.353704702433134],[-44.91576420597607,58.15524209465974],[-26.94945852358564,58.15524209465974],[-26.94945852358564,47.353704702433134],[-44.91576420597607,47.353704702433134]]],[[[-26.94945852358564,47.353704702433134],[-17.966305682390427,58.15524209465974],[0,58.15524209465974],[0,47.353704702433134],[-26.94945852358564,47.353704702433134]]],[[[8.983152841195214,47.353704702433134],[8.983152841195214,58.15524209465974],[26.94945852358564,58.15524209465974],[26.94945852358564,47.353704702433134],[8.983152841195214,47.353704702433134]]]]},\\"properties\\":{\\"_ol_kit_feature_visibility\\":true,\\"_ol_kit_feature_style\\":null,\\"_ol_kit_parent\\":null}},{\\"type\\":\\"Feature\\",\\"geometry\\":{\\"type\\":\\"GeometryCollection\\",\\"geometries\\":[{\\"type\\":\\"LineString\\",\\"coordinates\\":[[-44.91576420597607,-40.91627447067578],[0,-40.91627447067578]]},{\\"type\\":\\"Point\\",\\"coordinates\\":[35.932611364780854,-40.91627447067578]},{\\"type\\":\\"Polygon\\",\\"coordinates\\":[[[8.983152841195214,-47.353704702433106],[17.966305682390427,-33.78523007002315],[26.94945852358564,-47.353704702433106],[8.983152841195214,-47.353704702433106]]]}]},\\"properties\\":{\\"_ol_kit_feature_visibility\\":true,\\"_ol_kit_feature_style\\":null,\\"_ol_kit_parent\\":null}}]}"`;

exports[`<LayerPanel /> should export KML data 1`] = `"<kml xmlns=\\"http://www.opengis.net/kml/2.2\\" xmlns:gx=\\"http://www.google.com/kml/ext/2.2\\" xmlns:xsi=\\"http://www.w3.org/2001/XMLSchema-instance\\" xsi:schemaLocation=\\"http://www.opengis.net/kml/2.2 https://developers.google.com/kml/schema/kml22gx.xsd\\"><Document><Placemark><ExtendedData><Data name=\\"_ol_kit_feature_style\\"/><Data name=\\"_ol_kit_feature_visibility\\"><value>true</value></Data><Data name=\\"_ol_kit_parent\\"/></ExtendedData><Point><coordinates>0,0</coordinates></Point></Placemark><Placemark><ExtendedData><Data name=\\"_ol_kit_feature_style\\"/><Data name=\\"_ol_kit_feature_visibility\\"><value>true</value></Data><Data name=\\"_ol_kit_parent\\"/></ExtendedData><MultiGeometry><Point><coordinates>-17.966305682390427,0</coordinates></Point><Point><coordinates>0,-17.678914238335736</coordinates></Point></MultiGeometry></Placemark><Placemark><ExtendedData><Data name=\\"_ol_kit_feature_style\\"/><Data name=\\"_ol_kit_feature_visibility\\"><value>true</value></Data><Data name=\\"_ol_kit_parent\\"/></ExtendedData><LineString><coordinates>35.932611364780854,-17.678914238335736 71.86522272956171,17.67891423833575 80.84837557075693,17.67891423833575</coordinates></LineString></Placemark><Placemark><ExtendedData><Data name=\\"_ol_kit_feature_style\\"/><Data name=\\"_ol_kit_feature_visibility\\"><value>true</value></Data><Data name=\\"_ol_kit_parent\\"/></ExtendedData><LineString><coordinates>35.932611364780854,-17.678914238335736 71.86522272956171,17.67891423833575 71.86522272956171,26.007420231981243</coordinates></LineString></Placemark><Placemark><ExtendedData><Data name=\\"_ol_kit_feature_style\\"/><Data name=\\"_ol_kit_feature_visibility\\"><value>true</value></Data><Data name=\\"_ol_kit_parent\\"/></ExtendedData><Polygon><innerBoundaryIs><LinearRing><coordinates>-40.424187785378464,-4.486983030705048 -31.441034944183247,-4.486983030705048 -35.932611364780854,4.486983030705062 -40.424187785378464,-4.486983030705048</coordinates></LinearRing></innerBoundaryIs><outerBoundaryIs><LinearRing><coordinates>-44.91576420597607,-8.946573850543416 -35.932611364780854,8.946573850543416 -26.94945852358564,-8.946573850543416 -44.91576420597607,-8.946573850543416</coordinates></LinearRing></outerBoundaryIs></Polygon></Placemark><Placemark><ExtendedData><Data name=\\"_ol_kit_feature_style\\"/><Data name=\\"_ol_kit_feature_visibility\\"><value>true</value></Data><Data name=\\"_ol_kit_parent\\"/></ExtendedData><MultiGeometry><LineString><coordinates>-8.983152841195214,-6.721891585698515 -8.983152841195214,6.721891585698515</coordinates></LineString><LineString><coordinates>-8.983152841195214,-6.721891585698515 -8.983152841195214,6.721891585698515 -4.491576420597607,0 -8.983152841195214,-6.721891585698515</coordinates></LineString><LineString><coordinates>8.983152841195214,-6.721891585698515 13.47472926179282,0 13.47472926179282,0 8.983152841195214,6.721891585698515</coordinates></LineString><LineString><coordinates>-6.73736463089641,-8.946573850543416 6.73736463089641,-8.946573850543416</coordinates></LineString><LineString><coordinates>-6.73736463089641,8.946573850543416 6.73736463089641,8.946573850543416</coordinates></LineString></MultiGeometry></Placemark><Placemark><ExtendedData><Data name=\\"_ol_kit_feature_style\\"/><Data name=\\"_ol_kit_feature_visibility\\"><value>true</value></Data><Data name=\\"_ol_kit_parent\\"/></ExtendedData><MultiGeometry><Polygon><outerBoundaryIs><LinearRing><coordinates>-44.91576420597607,47.353704702433134 -44.91576420597607,58.15524209465974 -26.94945852358564,58.15524209465974 -26.94945852358564,47.353704702433134 -44.91576420597607,47.353704702433134</coordinates></LinearRing></outerBoundaryIs></Polygon><Polygon><outerBoundaryIs><LinearRing><coordinates>-26.94945852358564,47.353704702433134 -17.966305682390427,58.15524209465974 0,58.15524209465974 0,47.353704702433134 -26.94945852358564,47.353704702433134</coordinates></LinearRing></outerBoundaryIs></Polygon><Polygon><outerBoundaryIs><LinearRing><coordinates>8.983152841195214,47.353704702433134 8.983152841195214,58.15524209465974 26.94945852358564,58.15524209465974 26.94945852358564,47.353704702433134 8.983152841195214,47.353704702433134</coordinates></LinearRing></outerBoundaryIs></Polygon></MultiGeometry></Placemark><Placemark><ExtendedData><Data name=\\"_ol_kit_feature_style\\"/><Data name=\\"_ol_kit_feature_visibility\\"><value>true</value></Data><Data name=\\"_ol_kit_parent\\"/></ExtendedData><MultiGeometry><LineString><coordinates>-44.91576420597607,-40.91627447067578 0,-40.91627447067578</coordinates></LineString><Point><coordinates>35.932611364780854,-40.91627447067578</coordinates></Point><Polygon><outerBoundaryIs><LinearRing><coordinates>8.983152841195214,-47.353704702433106 17.966305682390427,-33.78523007002315 26.94945852358564,-47.353704702433106 8.983152841195214,-47.353704702433106</coordinates></LinearRing></outerBoundaryIs></Polygon></MultiGeometry></Placemark></Document></kml>"`;
